---
source: hub/src/model/installment.rs
expression: installments
---
[]
