---
source: hub/src/model/installment.rs
expression: installments
---
[
    Installment {
        id: [UUID],
        contract_id: [UUID],
        principal: 0,
        interest: 10,
        due_date: 2025-05-22 0:00:00.0 +00:00:00,
        status: Cancelled,
        late_penalty: FullLiquidation,
        paid_date: None,
        payment_id: None,
    },
    Installment {
        id: [UUID],
        contract_id: [UUID],
        principal: 0,
        interest: 10,
        due_date: 2025-05-22 0:00:00.0 +00:00:00,
        status: Confirmed,
        late_penalty: FullLiquidation,
        paid_date: None,
        payment_id: None,
    },
    Installment {
        id: [UUID],
        contract_id: [UUID],
        principal: 0,
        interest: 10,
        due_date: 2025-05-29 0:00:00.0 +00:00:00,
        status: Pending,
        late_penalty: FullLiquidation,
        paid_date: None,
        payment_id: None,
    },
    Installment {
        id: [UUID],
        contract_id: [UUID],
        principal: 0,
        interest: 1.94,
        due_date: 2025-06-05 0:00:00.0 +00:00:00,
        status: Pending,
        late_penalty: FullLiquidation,
        paid_date: None,
        payment_id: None,
    },
    Installment {
        id: [UUID],
        contract_id: [UUID],
        principal: 1000,
        interest: 1.94,
        due_date: 2025-06-12 0:00:00.0 +00:00:00,
        status: Pending,
        late_penalty: FullLiquidation,
        paid_date: None,
        payment_id: None,
    },
]
